[INFO] Scanning for projects...
[INFO] 
[INFO] --------------------< com.moneybags:eureka-server >---------------------
[INFO] Building eurekaserver 1.0.0-SNAPSHOT
[INFO]   from pom.xml
[INFO] --------------------------------[ jar ]---------------------------------
[INFO] 
[INFO] >>> spring-boot:3.3.13:run (default-cli) > test-compile @ eureka-server >>>
[INFO] 
[INFO] --- resources:3.3.1:resources (default-resources) @ eureka-server ---
[INFO] Copying 1 resource from src\main\resources to target\classes
[INFO] Copying 0 resource from src\main\resources to target\classes
[INFO] 
[INFO] --- compiler:3.13.0:compile (default-compile) @ eureka-server ---
[INFO] Nothing to compile - all classes are up to date.
[INFO] 
[INFO] --- resources:3.3.1:testResources (default-testResources) @ eureka-server ---
[INFO] skip non existing resourceDirectory C:\MoneyBags\moneybags\eureka-server\src\test\resources
[INFO] 
[INFO] --- compiler:3.13.0:testCompile (default-testCompile) @ eureka-server ---
[INFO] Recompiling the module because of changed source code.
[INFO] Compiling 1 source file with javac [debug parameters release 17] to target\test-classes
[INFO] 
[INFO] <<< spring-boot:3.3.13:run (default-cli) < test-compile @ eureka-server <<<
[INFO] 
[INFO] 
[INFO] --- spring-boot:3.3.13:run (default-cli) @ eureka-server ---
[INFO] Attaching agents: []

  .   ____          _            __ _ _
 /\\ / ___'_ __ _ _(_)_ __  __ _ \ \ \ \
( ( )\___ | '_ | '_| | '_ \/ _` | \ \ \ \
 \\/  ___)| |_)| | | | | || (_| |  ) ) ) )
  '  |____| .__|_| |_|_| |_\__, | / / / /
 =========|_|==============|___/=/_/_/_/

 :: Spring Boot ::               (v3.3.13)

2026-07-29T17:13:58.201+05:30  INFO 8052 --- [eureka-server] [  restartedMain] c.m.eureka.EurekaServerApplication       : Starting EurekaServerApplication using Java 17.0.12 with PID 8052 (C:\MoneyBags\moneybags\eureka-server\target\classes started by Jay Sharma in C:\MoneyBags\moneybags\eureka-server)
2026-07-29T17:13:58.205+05:30  INFO 8052 --- [eureka-server] [  restartedMain] c.m.eureka.EurekaServerApplication       : No active profile set, falling back to 1 default profile: "default"
2026-07-29T17:13:58.283+05:30  INFO 8052 --- [eureka-server] [  restartedMain] .e.DevToolsPropertyDefaultsPostProcessor : Devtools property defaults active! Set 'spring.devtools.add-properties' to 'false' to disable
2026-07-29T17:13:58.284+05:30  INFO 8052 --- [eureka-server] [  restartedMain] .e.DevToolsPropertyDefaultsPostProcessor : For additional web related logging consider setting the 'logging.level.web' property to 'DEBUG'
2026-07-29T17:13:59.502+05:30  INFO 8052 --- [eureka-server] [  restartedMain] o.s.cloud.context.scope.GenericScope     : BeanFactory id=b8babe63-eb03-3dd9-9e9b-369790113fa7
2026-07-29T17:14:00.075+05:30  INFO 8052 --- [eureka-server] [  restartedMain] o.s.b.w.embedded.tomcat.TomcatWebServer  : Tomcat initialized with port 8761 (http)
2026-07-29T17:14:00.088+05:30  INFO 8052 --- [eureka-server] [  restartedMain] o.apache.catalina.core.StandardService   : Starting service [Tomcat]
2026-07-29T17:14:00.089+05:30  INFO 8052 --- [eureka-server] [  restartedMain] o.apache.catalina.core.StandardEngine    : Starting Servlet engine: [Apache Tomcat/10.1.42]
2026-07-29T17:14:00.184+05:30  INFO 8052 --- [eureka-server] [  restartedMain] o.a.c.c.C.[Tomcat].[localhost].[/]       : Initializing Spring embedded WebApplicationContext
2026-07-29T17:14:00.186+05:30  INFO 8052 --- [eureka-server] [  restartedMain] w.s.c.ServletWebServerApplicationContext : Root WebApplicationContext: initialization completed in 1901 ms
2026-07-29T17:14:01.099+05:30  INFO 8052 --- [eureka-server] [  restartedMain] c.n.d.provider.DiscoveryJerseyProvider   : Using JSON encoding codec LegacyJacksonJson
2026-07-29T17:14:01.119+05:30  INFO 8052 --- [eureka-server] [  restartedMain] c.n.d.provider.DiscoveryJerseyProvider   : Using JSON decoding codec LegacyJacksonJson
2026-07-29T17:14:01.332+05:30  INFO 8052 --- [eureka-server] [  restartedMain] c.n.d.provider.DiscoveryJerseyProvider   : Using XML encoding codec XStreamXml
2026-07-29T17:14:01.333+05:30  INFO 8052 --- [eureka-server] [  restartedMain] c.n.d.provider.DiscoveryJerseyProvider   : Using XML decoding codec XStreamXml
2026-07-29T17:14:01.476+05:30  INFO 8052 --- [eureka-server] [  restartedMain] o.s.v.b.OptionalValidatorFactoryBean     : Failed to set up a Bean Validation provider: jakarta.validation.NoProviderFoundException: Unable to create a Configuration, because no Jakarta Bean Validation provider could be found. Add a provider like Hibernate Validator (RI) to your classpath.
2026-07-29T17:14:02.326+05:30  WARN 8052 --- [eureka-server] [  restartedMain] o.s.b.d.a.OptionalLiveReloadServer       : Unable to start LiveReload server
2026-07-29T17:14:02.608+05:30  WARN 8052 --- [eureka-server] [  restartedMain] iguration$LoadBalancerCaffeineWarnLogger : Spring Cloud LoadBalancer is currently working with the default cache. While this cache implementation is useful for development and tests, it's recommended to use Caffeine cache in production.You can switch to using Caffeine cache, by adding it and org.springframework.cache.caffeine.CaffeineCacheManager to the classpath.
2026-07-29T17:14:02.641+05:30  INFO 8052 --- [eureka-server] [  restartedMain] o.s.c.n.eureka.InstanceInfoFactory       : Setting initial instance status as: STARTING
2026-07-29T17:14:02.671+05:30  INFO 8052 --- [eureka-server] [  restartedMain] com.netflix.discovery.DiscoveryClient    : Initializing Eureka in region us-east-1
2026-07-29T17:14:02.672+05:30  INFO 8052 --- [eureka-server] [  restartedMain] com.netflix.discovery.DiscoveryClient    : Client configured to neither register nor query for data.
2026-07-29T17:14:02.675+05:30  INFO 8052 --- [eureka-server] [  restartedMain] com.netflix.discovery.DiscoveryClient    : Discovery Client initialized at timestamp 1785325442674 with initial instances count: 0
2026-07-29T17:14:02.708+05:30  INFO 8052 --- [eureka-server] [  restartedMain] c.n.eureka.DefaultEurekaServerContext    : Initializing ...
2026-07-29T17:14:02.712+05:30  INFO 8052 --- [eureka-server] [  restartedMain] c.n.eureka.cluster.PeerEurekaNodes       : Adding new peer nodes [http://localhost:8761/eureka/]
2026-07-29T17:14:02.819+05:30  INFO 8052 --- [eureka-server] [  restartedMain] c.n.d.provider.DiscoveryJerseyProvider   : Using JSON encoding codec LegacyJacksonJson
2026-07-29T17:14:02.820+05:30  INFO 8052 --- [eureka-server] [  restartedMain] c.n.d.provider.DiscoveryJerseyProvider   : Using JSON decoding codec LegacyJacksonJson
2026-07-29T17:14:02.820+05:30  INFO 8052 --- [eureka-server] [  restartedMain] c.n.d.provider.DiscoveryJerseyProvider   : Using XML encoding codec XStreamXml
2026-07-29T17:14:02.821+05:30  INFO 8052 --- [eureka-server] [  restartedMain] c.n.d.provider.DiscoveryJerseyProvider   : Using XML decoding codec XStreamXml
2026-07-29T17:14:02.876+05:30  INFO 8052 --- [eureka-server] [  restartedMain] c.n.eureka.cluster.PeerEurekaNodes       : Replica node URL:  http://localhost:8761/eureka/
2026-07-29T17:14:02.883+05:30  INFO 8052 --- [eureka-server] [  restartedMain] c.n.e.registry.AbstractInstanceRegistry  : Finished initializing remote region registries. All known remote regions: []
2026-07-29T17:14:02.883+05:30  INFO 8052 --- [eureka-server] [  restartedMain] c.n.eureka.DefaultEurekaServerContext    : Initialized
2026-07-29T17:14:02.890+05:30  INFO 8052 --- [eureka-server] [  restartedMain] o.s.b.a.e.web.EndpointLinksResolver      : Exposing 2 endpoints beneath base path '/actuator'
2026-07-29T17:14:02.921+05:30  INFO 8052 --- [eureka-server] [  restartedMain] o.s.c.n.e.s.EurekaServiceRegistry        : Registering application EUREKA-SERVER with eureka with status UP
2026-07-29T17:14:02.930+05:30  INFO 8052 --- [eureka-server] [      Thread-13] o.s.c.n.e.server.EurekaServerBootstrap   : isAws returned false
2026-07-29T17:14:02.932+05:30  INFO 8052 --- [eureka-server] [      Thread-13] o.s.c.n.e.server.EurekaServerBootstrap   : Initialized server context
2026-07-29T17:14:02.932+05:30  INFO 8052 --- [eureka-server] [      Thread-13] c.n.e.r.PeerAwareInstanceRegistryImpl    : Got 1 instances from neighboring DS node
2026-07-29T17:14:02.933+05:30  INFO 8052 --- [eureka-server] [      Thread-13] c.n.e.r.PeerAwareInstanceRegistryImpl    : Renew threshold is: 1
2026-07-29T17:14:02.933+05:30  INFO 8052 --- [eureka-server] [      Thread-13] c.n.e.r.PeerAwareInstanceRegistryImpl    : Changing status to UP
2026-07-29T17:14:02.935+05:30  INFO 8052 --- [eureka-server] [      Thread-13] e.s.EurekaServerInitializerConfiguration : Started Eureka Server
2026-07-29T17:14:03.236+05:30  INFO 8052 --- [eureka-server] [  restartedMain] o.s.b.w.embedded.tomcat.TomcatWebServer  : Tomcat started on port 8761 (http) with context path '/'
2026-07-29T17:14:03.256+05:30  INFO 8052 --- [eureka-server] [  restartedMain] .s.c.n.e.s.EurekaAutoServiceRegistration : Updating port to 8761
2026-07-29T17:14:03.471+05:30  INFO 8052 --- [eureka-server] [  restartedMain] c.m.eureka.EurekaServerApplication       : Started EurekaServerApplication in 6.256 seconds (process running for 6.923)
2026-07-29T17:14:16.408+05:30  INFO 8052 --- [eureka-server] [nio-8761-exec-1] o.a.c.c.C.[Tomcat].[localhost].[/]       : Initializing Spring DispatcherServlet 'dispatcherServlet'
2026-07-29T17:14:16.426+05:30  INFO 8052 --- [eureka-server] [nio-8761-exec-1] o.s.web.servlet.DispatcherServlet        : Initializing Servlet 'dispatcherServlet'
2026-07-29T17:14:16.460+05:30  INFO 8052 --- [eureka-server] [nio-8761-exec-1] o.s.web.servlet.DispatcherServlet        : Completed initialization in 3 ms
2026-07-29T17:14:16.528+05:30  WARN 8052 --- [eureka-server] [nio-8761-exec-1] c.n.e.registry.AbstractInstanceRegistry  : DS: Registry: lease doesn't exist, registering resource: ACCOUNT-SERVICE - jrsharma-DQSNCC4:account-service:8084
2026-07-29T17:14:16.529+05:30  WARN 8052 --- [eureka-server] [nio-8761-exec-1] c.n.eureka.resources.InstanceResource    : Not Found (Renew): ACCOUNT-SERVICE - jrsharma-DQSNCC4:account-service:8084
2026-07-29T17:14:16.649+05:30  INFO 8052 --- [eureka-server] [nio-8761-exec-4] c.n.e.registry.AbstractInstanceRegistry  : Registered instance ACCOUNT-SERVICE/jrsharma-DQSNCC4:account-service:8084 with status UP (replication=false)
2026-07-29T17:14:16.648+05:30  INFO 8052 --- [eureka-server] [nio-8761-exec-2] c.n.e.registry.AbstractInstanceRegistry  : Registered instance ACCOUNT-SERVICE/jrsharma-DQSNCC4:account-service:8084 with status UP (replication=false)
2026-07-29T17:14:17.524+05:30  INFO 8052 --- [eureka-server] [nio-8761-exec-5] c.n.e.registry.AbstractInstanceRegistry  : Registered instance ACCOUNT-SERVICE/jrsharma-DQSNCC4:account-service:8084 with status UP (replication=true)
2026-07-29T17:14:19.891+05:30  WARN 8052 --- [eureka-server] [nio-8761-exec-7] c.n.e.registry.AbstractInstanceRegistry  : DS: Registry: lease doesn't exist, registering resource: PRODUCT-SERVICE - jrsharma-DQSNCC4:product-service:8083
2026-07-29T17:14:19.910+05:30  WARN 8052 --- [eureka-server] [nio-8761-exec-7] c.n.eureka.resources.InstanceResource    : Not Found (Renew): PRODUCT-SERVICE - jrsharma-DQSNCC4:product-service:8083
2026-07-29T17:14:19.954+05:30  INFO 8052 --- [eureka-server] [nio-8761-exec-8] c.n.e.registry.AbstractInstanceRegistry  : Registered instance PRODUCT-SERVICE/jrsharma-DQSNCC4:product-service:8083 with status UP (replication=false)
2026-07-29T17:14:20.464+05:30  INFO 8052 --- [eureka-server] [nio-8761-exec-9] c.n.e.registry.AbstractInstanceRegistry  : Registered instance PRODUCT-SERVICE/jrsharma-DQSNCC4:product-service:8083 with status UP (replication=true)
2026-07-29T17:14:29.604+05:30  INFO 8052 --- [eureka-server] [io-8761-exec-10] c.n.e.registry.AbstractInstanceRegistry  : Registered instance SECURITY-SERVICE/jrsharma-DQSNCC4:security-service:8081 with status UP (replication=false)
2026-07-29T17:14:29.603+05:30  WARN 8052 --- [eureka-server] [nio-8761-exec-3] c.n.e.registry.AbstractInstanceRegistry  : DS: Registry: lease doesn't exist, registering resource: STATEMENT-SERVICE - jrsharma-DQSNCC4:statement-service:8086
2026-07-29T17:14:29.610+05:30  WARN 8052 --- [eureka-server] [nio-8761-exec-3] c.n.eureka.resources.InstanceResource    : Not Found (Renew): STATEMENT-SERVICE - jrsharma-DQSNCC4:statement-service:8086
2026-07-29T17:14:29.607+05:30  INFO 8052 --- [eureka-server] [nio-8761-exec-2] c.n.e.registry.AbstractInstanceRegistry  : Registered instance API-GATEWAY/jrsharma-DQSNCC4:api-gateway:8090 with status UP (replication=false)
2026-07-29T17:14:29.641+05:30  INFO 8052 --- [eureka-server] [nio-8761-exec-7] c.n.e.registry.AbstractInstanceRegistry  : Registered instance STATEMENT-SERVICE/jrsharma-DQSNCC4:statement-service:8086 with status UP (replication=false)
2026-07-29T17:14:29.657+05:30  INFO 8052 --- [eureka-server] [nio-8761-exec-9] c.n.e.registry.AbstractInstanceRegistry  : Registered instance STATEMENT-SERVICE/jrsharma-DQSNCC4:statement-service:8086 with status UP (replication=false)
2026-07-29T17:14:29.669+05:30  INFO 8052 --- [eureka-server] [nio-8761-exec-5] c.n.e.registry.AbstractInstanceRegistry  : Registered instance TRANSACTION-SERVICE/jrsharma-DQSNCC4:transaction-service:8087 with status UP (replication=false)
2026-07-29T17:14:30.129+05:30  INFO 8052 --- [eureka-server] [nio-8761-exec-4] c.n.e.registry.AbstractInstanceRegistry  : Registered instance SECURITY-SERVICE/jrsharma-DQSNCC4:security-service:8081 with status UP (replication=true)
2026-07-29T17:14:30.133+05:30  INFO 8052 --- [eureka-server] [nio-8761-exec-4] c.n.e.registry.AbstractInstanceRegistry  : Registered instance API-GATEWAY/jrsharma-DQSNCC4:api-gateway:8090 with status UP (replication=true)
2026-07-29T17:14:30.135+05:30  INFO 8052 --- [eureka-server] [nio-8761-exec-4] c.n.e.registry.AbstractInstanceRegistry  : Registered instance STATEMENT-SERVICE/jrsharma-DQSNCC4:statement-service:8086 with status UP (replication=true)
2026-07-29T17:14:30.137+05:30  INFO 8052 --- [eureka-server] [nio-8761-exec-4] c.n.e.registry.AbstractInstanceRegistry  : Registered instance TRANSACTION-SERVICE/jrsharma-DQSNCC4:transaction-service:8087 with status UP (replication=true)
2026-07-29T17:14:31.033+05:30  WARN 8052 --- [eureka-server] [nio-8761-exec-2] c.n.e.registry.AbstractInstanceRegistry  : DS: Registry: lease doesn't exist, registering resource: CUSTOMER-SERVICE - jrsharma-DQSNCC4:customer-service:8082
2026-07-29T17:14:31.035+05:30  WARN 8052 --- [eureka-server] [nio-8761-exec-2] c.n.eureka.resources.InstanceResource    : Not Found (Renew): CUSTOMER-SERVICE - jrsharma-DQSNCC4:customer-service:8082
2026-07-29T17:14:31.069+05:30  INFO 8052 --- [eureka-server] [nio-8761-exec-3] c.n.e.registry.AbstractInstanceRegistry  : Registered instance CUSTOMER-SERVICE/jrsharma-DQSNCC4:customer-service:8082 with status UP (replication=false)
2026-07-29T17:14:31.581+05:30  INFO 8052 --- [eureka-server] [nio-8761-exec-8] c.n.e.registry.AbstractInstanceRegistry  : Registered instance CUSTOMER-SERVICE/jrsharma-DQSNCC4:customer-service:8082 with status UP (replication=true)
2026-07-29T17:14:46.747+05:30  INFO 8052 --- [eureka-server] [io-8761-exec-10] c.n.e.registry.AbstractInstanceRegistry  : Registered instance ACCOUNT-SERVICE/jrsharma-DQSNCC4:account-service:8084 with status UP (replication=false)
2026-07-29T17:14:47.262+05:30  INFO 8052 --- [eureka-server] [nio-8761-exec-6] c.n.e.registry.AbstractInstanceRegistry  : Registered instance ACCOUNT-SERVICE/jrsharma-DQSNCC4:account-service:8084 with status UP (replication=true)
2026-07-29T17:14:47.312+05:30  WARN 8052 --- [eureka-server] [get_localhost-7] c.n.eureka.cluster.ReplicationTask       : The replication of task ACCOUNT-SERVICE/jrsharma-DQSNCC4:account-service:8084:Heartbeat@localhost failed with response code 409
2026-07-29T17:14:47.314+05:30  WARN 8052 --- [eureka-server] [get_localhost-7] c.netflix.eureka.cluster.PeerEurekaNode  : Peer wants us to take the instance information from it, since the timestamp differs,Id : jrsharma-DQSNCC4:account-service:8084 My Timestamp : 1785325155360, Peer's timestamp: 1785325486739
2026-07-29T17:14:47.314+05:30  INFO 8052 --- [eureka-server] [get_localhost-7] c.n.e.registry.AbstractInstanceRegistry  : Registered instance ACCOUNT-SERVICE/jrsharma-DQSNCC4:account-service:8084 with status UP (replication=true)
2026-07-29T17:15:02.935+05:30  INFO 8052 --- [eureka-server] [a-EvictionTimer] c.n.e.registry.AbstractInstanceRegistry  : Running the evict task with compensationTime 0ms
2026-07-29T17:16:02.951+05:30  INFO 8052 --- [eureka-server] [a-EvictionTimer] c.n.e.registry.AbstractInstanceRegistry  : Running the evict task with compensationTime 16ms
2026-07-29T17:17:02.955+05:30  INFO 8052 --- [eureka-server] [a-EvictionTimer] c.n.e.registry.AbstractInstanceRegistry  : Running the evict task with compensationTime 4ms
2026-07-29T17:18:02.972+05:30  INFO 8052 --- [eureka-server] [a-EvictionTimer] c.n.e.registry.AbstractInstanceRegistry  : Running the evict task with compensationTime 17ms
2026-07-29T17:19:02.982+05:30  INFO 8052 --- [eureka-server] [a-EvictionTimer] c.n.e.registry.AbstractInstanceRegistry  : Running the evict task with compensationTime 9ms
2026-07-29T17:20:02.993+05:30  INFO 8052 --- [eureka-server] [a-EvictionTimer] c.n.e.registry.AbstractInstanceRegistry  : Running the evict task with compensationTime 11ms
2026-07-29T17:21:02.997+05:30  INFO 8052 --- [eureka-server] [a-EvictionTimer] c.n.e.registry.AbstractInstanceRegistry  : Running the evict task with compensationTime 4ms
2026-07-29T17:22:03.048+05:30  INFO 8052 --- [eureka-server] [a-EvictionTimer] c.n.e.registry.AbstractInstanceRegistry  : Running the evict task with compensationTime 50ms
2026-07-29T17:23:03.054+05:30  INFO 8052 --- [eureka-server] [a-EvictionTimer] c.n.e.registry.AbstractInstanceRegistry  : Running the evict task with compensationTime 6ms
2026-07-29T17:24:03.056+05:30  INFO 8052 --- [eureka-server] [a-EvictionTimer] c.n.e.registry.AbstractInstanceRegistry  : Running the evict task with compensationTime 1ms
2026-07-29T17:25:05.090+05:30  INFO 8052 --- [eureka-server] [a-EvictionTimer] c.n.e.registry.AbstractInstanceRegistry  : Running the evict task with compensationTime 2036ms
2026-07-29T17:26:05.096+05:30  INFO 8052 --- [eureka-server] [a-EvictionTimer] c.n.e.registry.AbstractInstanceRegistry  : Running the evict task with compensationTime 3ms
2026-07-29T17:27:05.099+05:30  INFO 8052 --- [eureka-server] [a-EvictionTimer] c.n.e.registry.AbstractInstanceRegistry  : Running the evict task with compensationTime 3ms
2026-07-29T17:27:22.800+05:30  INFO 8052 --- [eureka-server] [io-8761-exec-10] c.n.e.registry.AbstractInstanceRegistry  : Registered instance API-GATEWAY/jrsharma-DQSNCC4:api-gateway:8090 with status DOWN (replication=false)
2026-07-29T17:27:23.310+05:30  INFO 8052 --- [eureka-server] [nio-8761-exec-2] c.n.e.registry.AbstractInstanceRegistry  : Registered instance API-GATEWAY/jrsharma-DQSNCC4:api-gateway:8090 with status DOWN (replication=true)
2026-07-29T17:27:46.630+05:30  INFO 8052 --- [eureka-server] [nio-8761-exec-3] c.n.e.registry.AbstractInstanceRegistry  : Registered instance ACCOUNT-SERVICE/jrsharma-DQSNCC4:account-service:8084 with status DOWN (replication=false)
2026-07-29T17:27:47.158+05:30  INFO 8052 --- [eureka-server] [nio-8761-exec-5] c.n.e.registry.AbstractInstanceRegistry  : Registered instance ACCOUNT-SERVICE/jrsharma-DQSNCC4:account-service:8084 with status DOWN (replication=true)
2026-07-29T17:27:50.676+05:30  INFO 8052 --- [eureka-server] [nio-8761-exec-4] c.n.e.registry.AbstractInstanceRegistry  : Cancelled instance ACCOUNT-SERVICE/jrsharma-DQSNCC4:account-service:8084 (replication=false)
2026-07-29T17:27:51.233+05:30  WARN 8052 --- [eureka-server] [nio-8761-exec-3] c.n.e.registry.AbstractInstanceRegistry  : DS: Registry: cancel failed because Lease is not registered for: ACCOUNT-SERVICE/jrsharma-DQSNCC4:account-service:8084
2026-07-29T17:27:51.234+05:30  INFO 8052 --- [eureka-server] [nio-8761-exec-3] c.n.eureka.resources.InstanceResource    : Not Found (Cancel): ACCOUNT-SERVICE - jrsharma-DQSNCC4:account-service:8084
2026-07-29T17:27:51.238+05:30  WARN 8052 --- [eureka-server] [et_localhost-18] c.n.eureka.cluster.ReplicationTask       : The replication of task ACCOUNT-SERVICE/jrsharma-DQSNCC4:account-service:8084:Cancel@localhost failed with response code 404
2026-07-29T17:27:51.239+05:30  WARN 8052 --- [eureka-server] [et_localhost-18] c.netflix.eureka.cluster.PeerEurekaNode  : ACCOUNT-SERVICE/jrsharma-DQSNCC4:account-service:8084:Cancel@localhost: missing entry.
2026-07-29T17:28:05.355+05:30  INFO 8052 --- [eureka-server] [a-EvictionTimer] c.n.e.registry.AbstractInstanceRegistry  : Running the evict task with compensationTime 255ms
2026-07-29T17:28:06.211+05:30  INFO 8052 --- [eureka-server] [nio-8761-exec-3] c.n.e.registry.AbstractInstanceRegistry  : Registered instance SECURITY-SERVICE/jrsharma-DQSNCC4:security-service:8081 with status DOWN (replication=false)
2026-07-29T17:28:07.103+05:30  INFO 8052 --- [eureka-server] [nio-8761-exec-7] c.n.e.registry.AbstractInstanceRegistry  : Registered instance SECURITY-SERVICE/jrsharma-DQSNCC4:security-service:8081 with status DOWN (replication=true)
2026-07-29T17:28:12.048+05:30  INFO 8052 --- [eureka-server] [nio-8761-exec-6] c.n.e.registry.AbstractInstanceRegistry  : Registered instance CUSTOMER-SERVICE/jrsharma-DQSNCC4:customer-service:8082 with status DOWN (replication=false)
2026-07-29T17:28:12.606+05:30  INFO 8052 --- [eureka-server] [nio-8761-exec-4] c.n.e.registry.AbstractInstanceRegistry  : Registered instance CUSTOMER-SERVICE/jrsharma-DQSNCC4:customer-service:8082 with status DOWN (replication=true)
2026-07-29T17:28:18.166+05:30  INFO 8052 --- [eureka-server] [nio-8761-exec-8] c.n.e.registry.AbstractInstanceRegistry  : Registered instance PRODUCT-SERVICE/jrsharma-DQSNCC4:product-service:8083 with status DOWN (replication=false)
2026-07-29T17:28:18.677+05:30  INFO 8052 --- [eureka-server] [nio-8761-exec-9] c.n.e.registry.AbstractInstanceRegistry  : Registered instance PRODUCT-SERVICE/jrsharma-DQSNCC4:product-service:8083 with status DOWN (replication=true)
2026-07-29T17:28:21.688+05:30  INFO 8052 --- [eureka-server] [nio-8761-exec-5] c.n.e.registry.AbstractInstanceRegistry  : Cancelled instance PRODUCT-SERVICE/jrsharma-DQSNCC4:product-service:8083 (replication=false)
2026-07-29T17:28:22.251+05:30  WARN 8052 --- [eureka-server] [nio-8761-exec-6] c.n.e.registry.AbstractInstanceRegistry  : DS: Registry: cancel failed because Lease is not registered for: PRODUCT-SERVICE/jrsharma-DQSNCC4:product-service:8083
2026-07-29T17:28:22.303+05:30  INFO 8052 --- [eureka-server] [nio-8761-exec-6] c.n.eureka.resources.InstanceResource    : Not Found (Cancel): PRODUCT-SERVICE - jrsharma-DQSNCC4:product-service:8083
2026-07-29T17:28:22.306+05:30  WARN 8052 --- [eureka-server] [et_localhost-15] c.n.eureka.cluster.ReplicationTask       : The replication of task PRODUCT-SERVICE/jrsharma-DQSNCC4:product-service:8083:Cancel@localhost failed with response code 404
2026-07-29T17:28:22.307+05:30  WARN 8052 --- [eureka-server] [et_localhost-15] c.netflix.eureka.cluster.PeerEurekaNode  : PRODUCT-SERVICE/jrsharma-DQSNCC4:product-service:8083:Cancel@localhost: missing entry.
2026-07-29T17:28:31.724+05:30  INFO 8052 --- [eureka-server] [nio-8761-exec-4] c.n.e.registry.AbstractInstanceRegistry  : Registered instance TRANSACTION-SERVICE/jrsharma-DQSNCC4:transaction-service:8087 with status DOWN (replication=false)
2026-07-29T17:28:32.231+05:30  INFO 8052 --- [eureka-server] [nio-8761-exec-8] c.n.e.registry.AbstractInstanceRegistry  : Registered instance TRANSACTION-SERVICE/jrsharma-DQSNCC4:transaction-service:8087 with status DOWN (replication=true)
2026-07-29T17:28:35.147+05:30  INFO 8052 --- [eureka-server] [nio-8761-exec-9] c.n.e.registry.AbstractInstanceRegistry  : Cancelled instance TRANSACTION-SERVICE/jrsharma-DQSNCC4:transaction-service:8087 (replication=false)
2026-07-29T17:28:35.670+05:30  WARN 8052 --- [eureka-server] [nio-8761-exec-6] c.n.e.registry.AbstractInstanceRegistry  : DS: Registry: cancel failed because Lease is not registered for: TRANSACTION-SERVICE/jrsharma-DQSNCC4:transaction-service:8087
2026-07-29T17:28:35.671+05:30  INFO 8052 --- [eureka-server] [nio-8761-exec-6] c.n.eureka.resources.InstanceResource    : Not Found (Cancel): TRANSACTION-SERVICE - jrsharma-DQSNCC4:transaction-service:8087
2026-07-29T17:28:35.673+05:30  WARN 8052 --- [eureka-server] [et_localhost-18] c.n.eureka.cluster.ReplicationTask       : The replication of task TRANSACTION-SERVICE/jrsharma-DQSNCC4:transaction-service:8087:Cancel@localhost failed with response code 404
2026-07-29T17:28:35.674+05:30  WARN 8052 --- [eureka-server] [et_localhost-18] c.netflix.eureka.cluster.PeerEurekaNode  : TRANSACTION-SERVICE/jrsharma-DQSNCC4:transaction-service:8087:Cancel@localhost: missing entry.
2026-07-29T17:28:38.425+05:30  INFO 8052 --- [eureka-server] [nio-8761-exec-2] c.n.e.registry.AbstractInstanceRegistry  : Registered instance STATEMENT-SERVICE/jrsharma-DQSNCC4:statement-service:8086 with status DOWN (replication=false)
2026-07-29T17:28:38.938+05:30  INFO 8052 --- [eureka-server] [io-8761-exec-10] c.n.e.registry.AbstractInstanceRegistry  : Registered instance STATEMENT-SERVICE/jrsharma-DQSNCC4:statement-service:8086 with status DOWN (replication=true)
2026-07-29T17:28:41.853+05:30  INFO 8052 --- [eureka-server] [nio-8761-exec-4] c.n.e.registry.AbstractInstanceRegistry  : Cancelled instance STATEMENT-SERVICE/jrsharma-DQSNCC4:statement-service:8086 (replication=false)
2026-07-29T17:28:42.370+05:30  WARN 8052 --- [eureka-server] [nio-8761-exec-3] c.n.e.registry.AbstractInstanceRegistry  : DS: Registry: cancel failed because Lease is not registered for: STATEMENT-SERVICE/jrsharma-DQSNCC4:statement-service:8086
2026-07-29T17:28:42.370+05:30  INFO 8052 --- [eureka-server] [nio-8761-exec-3] c.n.eureka.resources.InstanceResource    : Not Found (Cancel): STATEMENT-SERVICE - jrsharma-DQSNCC4:statement-service:8086
2026-07-29T17:28:42.373+05:30  WARN 8052 --- [eureka-server] [get_localhost-8] c.n.eureka.cluster.ReplicationTask       : The replication of task STATEMENT-SERVICE/jrsharma-DQSNCC4:statement-service:8086:Cancel@localhost failed with response code 404
2026-07-29T17:28:42.374+05:30  WARN 8052 --- [eureka-server] [get_localhost-8] c.netflix.eureka.cluster.PeerEurekaNode  : STATEMENT-SERVICE/jrsharma-DQSNCC4:statement-service:8086:Cancel@localhost: missing entry.
2026-07-29T17:29:02.917+05:30  INFO 8052 --- [eureka-server] [hresholdUpdater] c.n.e.r.PeerAwareInstanceRegistryImpl    : Current renewal threshold is : 8
2026-07-29T17:29:12.755+05:30  INFO 8052 --- [eureka-server] [a-EvictionTimer] c.n.e.registry.AbstractInstanceRegistry  : Running the evict task with compensationTime 7400ms
2026-07-29T17:29:12.757+05:30  INFO 8052 --- [eureka-server] [a-EvictionTimer] c.n.e.registry.AbstractInstanceRegistry  : Evicting 1 items (expired=1, evictionLimit=1)
2026-07-29T17:29:12.758+05:30  WARN 8052 --- [eureka-server] [a-EvictionTimer] c.n.e.registry.AbstractInstanceRegistry  : DS: Registry: expired lease for API-GATEWAY/jrsharma-DQSNCC4:api-gateway:8090
2026-07-29T17:29:12.759+05:30  INFO 8052 --- [eureka-server] [a-EvictionTimer] c.n.e.registry.AbstractInstanceRegistry  : Cancelled instance API-GATEWAY/jrsharma-DQSNCC4:api-gateway:8090 (replication=false)
